// Jest Snapshot v1, https://goo.gl/fbAQLP

exports[`CoinList Component should render a list of CoinDetail components 1`] = `
<section class="coin-list">
    <ul>
        <li class="coin-detail">
            <img src="" alt="Bitcoin" class="icon">
            <h3 class="name">1 Bitcoin</h3>
            <div><span>Price:</span> 573.137 USD</div>
            <div><span>Sat:</span> 1 /BTC</div>
            <div><span>Market Cap:</span> 9080883500</div>
        </li>
    </ul>
</section>
`;
